--------- beginning of /dev/log/system
--------- beginning of /dev/log/main
V/DBox    ( 3557): 16854691 3582 + Lboston/Bus/Map/UpdateAsyncTask; doInBackground {42.358333, -71.060277, 20, boston.Bus.Map.BusLocations@43edeff0, false}
V/DBox    ( 3557): 16854692 3582 + Lboston/Bus/Map/UpdateAsyncTask; doInBackground {42.358333, -71.060277, 20, boston.Bus.Map.BusLocations@43edeff0, false}
V/DBox    ( 3557): 16855258 3582 - Lboston/Bus/Map/UpdateAsyncTask; doInBackground
V/DBox    ( 3557): 16855259 3582 - Lboston/Bus/Map/UpdateAsyncTask; doInBackground
V/DBox    ( 3557): 16867625 3583 + Lboston/Bus/Map/UpdateAsyncTask; doInBackground {42.358333, -71.060277, 20, boston.Bus.Map.BusLocations@43edeff0, false}
V/DBox    ( 3557): 16867627 3583 + Lboston/Bus/Map/UpdateAsyncTask; doInBackground {42.358333, -71.060277, 20, boston.Bus.Map.BusLocations@43edeff0, false}
V/DBox    ( 3557): 16868339 3583 - Lboston/Bus/Map/UpdateAsyncTask; doInBackground
V/DBox    ( 3557): 16868340 3583 - Lboston/Bus/Map/UpdateAsyncTask; doInBackground
V/DBox    ( 3557): 16880627 3584 + Lboston/Bus/Map/UpdateAsyncTask; doInBackground {42.358333, -71.060277, 20, boston.Bus.Map.BusLocations@43edeff0, false}
V/DBox    ( 3557): 16880629 3584 + Lboston/Bus/Map/UpdateAsyncTask; doInBackground {42.358333, -71.060277, 20, boston.Bus.Map.BusLocations@43edeff0, false}
V/DBox    ( 3557): 16881294 3584 - Lboston/Bus/Map/UpdateAsyncTask; doInBackground
V/DBox    ( 3557): 16881295 3584 - Lboston/Bus/Map/UpdateAsyncTask; doInBackground
V/DBox    ( 3557): 16893633 3585 + Lboston/Bus/Map/UpdateAsyncTask; doInBackground {42.358333, -71.060277, 20, boston.Bus.Map.BusLocations@43edeff0, false}
V/DBox    ( 3557): 16893634 3585 + Lboston/Bus/Map/UpdateAsyncTask; doInBackground {42.358333, -71.060277, 20, boston.Bus.Map.BusLocations@43edeff0, false}
V/DBox    ( 3557): 16894284 3585 - Lboston/Bus/Map/UpdateAsyncTask; doInBackground
V/DBox    ( 3557): 16894285 3585 - Lboston/Bus/Map/UpdateAsyncTask; doInBackground
V/DBox    ( 3557): 16906632 3572 + Lboston/Bus/Map/UpdateAsyncTask; doInBackground {42.358333, -71.060277, 20, boston.Bus.Map.BusLocations@43edeff0, false}
V/DBox    ( 3557): 16906634 3572 + Lboston/Bus/Map/UpdateAsyncTask; doInBackground {42.358333, -71.060277, 20, boston.Bus.Map.BusLocations@43edeff0, false}
V/DBox    ( 3557): 16907261 3572 - Lboston/Bus/Map/UpdateAsyncTask; doInBackground
V/DBox    ( 3557): 16907262 3572 - Lboston/Bus/Map/UpdateAsyncTask; doInBackground
V/DBox    ( 3557): 16919651 3582 + Lboston/Bus/Map/UpdateAsyncTask; doInBackground {42.358333, -71.060277, 20, boston.Bus.Map.BusLocations@43edeff0, false}
V/DBox    ( 3557): 16919655 3582 + Lboston/Bus/Map/UpdateAsyncTask; doInBackground {42.358333, -71.060277, 20, boston.Bus.Map.BusLocations@43edeff0, false}
V/DBox    ( 3557): 16921720 3582 - Lboston/Bus/Map/UpdateAsyncTask; doInBackground
V/DBox    ( 3557): 16921720 3582 - Lboston/Bus/Map/UpdateAsyncTask; doInBackground
V/DBox    ( 3557): 16932657 3583 + Lboston/Bus/Map/UpdateAsyncTask; doInBackground {42.358333, -71.060277, 20, boston.Bus.Map.BusLocations@43edeff0, false}
V/DBox    ( 3557): 16932659 3583 + Lboston/Bus/Map/UpdateAsyncTask; doInBackground {42.358333, -71.060277, 20, boston.Bus.Map.BusLocations@43edeff0, false}
V/DBox    ( 3557): 16932946 3583 - Lboston/Bus/Map/UpdateAsyncTask; doInBackground
V/DBox    ( 3557): 16932946 3583 - Lboston/Bus/Map/UpdateAsyncTask; doInBackground
V/DBox    ( 3557): 16945659 3584 + Lboston/Bus/Map/UpdateAsyncTask; doInBackground {42.358333, -71.060277, 20, boston.Bus.Map.BusLocations@43edeff0, false}
V/DBox    ( 3557): 16945661 3584 + Lboston/Bus/Map/UpdateAsyncTask; doInBackground {42.358333, -71.060277, 20, boston.Bus.Map.BusLocations@43edeff0, false}
V/DBox    ( 3557): 16946379 3584 - Lboston/Bus/Map/UpdateAsyncTask; doInBackground
V/DBox    ( 3557): 16946380 3584 - Lboston/Bus/Map/UpdateAsyncTask; doInBackground
V/DBox    ( 3557): 16958681 3585 + Lboston/Bus/Map/UpdateAsyncTask; doInBackground {42.358333, -71.060277, 20, boston.Bus.Map.BusLocations@43edeff0, false}
V/DBox    ( 3557): 16958683 3585 + Lboston/Bus/Map/UpdateAsyncTask; doInBackground {42.358333, -71.060277, 20, boston.Bus.Map.BusLocations@43edeff0, false}
V/DBox    ( 3557): 16959351 3585 - Lboston/Bus/Map/UpdateAsyncTask; doInBackground
V/DBox    ( 3557): 16959352 3585 - Lboston/Bus/Map/UpdateAsyncTask; doInBackground
V/DBox    ( 3557): 16971694 3572 + Lboston/Bus/Map/UpdateAsyncTask; doInBackground {42.358333, -71.060277, 20, boston.Bus.Map.BusLocations@43edeff0, false}
V/DBox    ( 3557): 16971695 3572 + Lboston/Bus/Map/UpdateAsyncTask; doInBackground {42.358333, -71.060277, 20, boston.Bus.Map.BusLocations@43edeff0, false}
V/DBox    ( 3557): 16972322 3572 - Lboston/Bus/Map/UpdateAsyncTask; doInBackground
V/DBox    ( 3557): 16972323 3572 - Lboston/Bus/Map/UpdateAsyncTask; doInBackground
V/DBox    ( 3557): 16984695 3582 + Lboston/Bus/Map/UpdateAsyncTask; doInBackground {42.358333, -71.060277, 20, boston.Bus.Map.BusLocations@43edeff0, false}
V/DBox    ( 3557): 16984696 3582 + Lboston/Bus/Map/UpdateAsyncTask; doInBackground {42.358333, -71.060277, 20, boston.Bus.Map.BusLocations@43edeff0, false}
V/DBox    ( 3557): 16985308 3582 - Lboston/Bus/Map/UpdateAsyncTask; doInBackground
V/DBox    ( 3557): 16985309 3582 - Lboston/Bus/Map/UpdateAsyncTask; doInBackground
V/DBox    ( 3557): 16997701 3583 + Lboston/Bus/Map/UpdateAsyncTask; doInBackground {42.358333, -71.060277, 20, boston.Bus.Map.BusLocations@43edeff0, false}
V/DBox    ( 3557): 16997704 3583 + Lboston/Bus/Map/UpdateAsyncTask; doInBackground {42.358333, -71.060277, 20, boston.Bus.Map.BusLocations@43edeff0, false}
V/DBox    ( 3557): 16998318 3583 - Lboston/Bus/Map/UpdateAsyncTask; doInBackground
V/DBox    ( 3557): 16998319 3583 - Lboston/Bus/Map/UpdateAsyncTask; doInBackground
V/DBox    ( 3557): 17010692 3584 + Lboston/Bus/Map/UpdateAsyncTask; doInBackground {42.358333, -71.060277, 20, boston.Bus.Map.BusLocations@43edeff0, false}
V/DBox    ( 3557): 17010693 3584 + Lboston/Bus/Map/UpdateAsyncTask; doInBackground {42.358333, -71.060277, 20, boston.Bus.Map.BusLocations@43edeff0, false}
V/DBox    ( 3557): 17011280 3584 - Lboston/Bus/Map/UpdateAsyncTask; doInBackground
V/DBox    ( 3557): 17011280 3584 - Lboston/Bus/Map/UpdateAsyncTask; doInBackground
V/DBox    ( 3557): 17023692 3585 + Lboston/Bus/Map/UpdateAsyncTask; doInBackground {42.358333, -71.060277, 20, boston.Bus.Map.BusLocations@43edeff0, false}
V/DBox    ( 3557): 17023694 3585 + Lboston/Bus/Map/UpdateAsyncTask; doInBackground {42.358333, -71.060277, 20, boston.Bus.Map.BusLocations@43edeff0, false}
V/DBox    ( 3557): 17024002 3585 - Lboston/Bus/Map/UpdateAsyncTask; doInBackground
V/DBox    ( 3557): 17024003 3585 - Lboston/Bus/Map/UpdateAsyncTask; doInBackground
V/DBox    ( 3557): 17036711 3572 + Lboston/Bus/Map/UpdateAsyncTask; doInBackground {42.358333, -71.060277, 20, boston.Bus.Map.BusLocations@43edeff0, false}
V/DBox    ( 3557): 17036714 3572 + Lboston/Bus/Map/UpdateAsyncTask; doInBackground {42.358333, -71.060277, 20, boston.Bus.Map.BusLocations@43edeff0, false}
V/DBox    ( 3557): 17037294 3572 - Lboston/Bus/Map/UpdateAsyncTask; doInBackground
V/DBox    ( 3557): 17037294 3572 - Lboston/Bus/Map/UpdateAsyncTask; doInBackground
V/DBox    ( 3557): 17049698 3582 + Lboston/Bus/Map/UpdateAsyncTask; doInBackground {42.358333, -71.060277, 20, boston.Bus.Map.BusLocations@43edeff0, false}
V/DBox    ( 3557): 17049700 3582 + Lboston/Bus/Map/UpdateAsyncTask; doInBackground {42.358333, -71.060277, 20, boston.Bus.Map.BusLocations@43edeff0, false}
V/DBox    ( 3557): 17050392 3582 - Lboston/Bus/Map/UpdateAsyncTask; doInBackground
V/DBox    ( 3557): 17050393 3582 - Lboston/Bus/Map/UpdateAsyncTask; doInBackground
V/DBox    ( 3557): 17062701 3583 + Lboston/Bus/Map/UpdateAsyncTask; doInBackground {42.358333, -71.060277, 20, boston.Bus.Map.BusLocations@43edeff0, false}
V/DBox    ( 3557): 17062720 3583 + Lboston/Bus/Map/UpdateAsyncTask; doInBackground {42.358333, -71.060277, 20, boston.Bus.Map.BusLocations@43edeff0, false}
V/DBox    ( 3557): 17063324 3583 - Lboston/Bus/Map/UpdateAsyncTask; doInBackground
V/DBox    ( 3557): 17063324 3583 - Lboston/Bus/Map/UpdateAsyncTask; doInBackground
V/DBox    ( 3557): 17075701 3584 + Lboston/Bus/Map/UpdateAsyncTask; doInBackground {42.358333, -71.060277, 20, boston.Bus.Map.BusLocations@43edeff0, false}
V/DBox    ( 3557): 17075703 3584 + Lboston/Bus/Map/UpdateAsyncTask; doInBackground {42.358333, -71.060277, 20, boston.Bus.Map.BusLocations@43edeff0, false}
V/DBox    ( 3557): 17076309 3584 - Lboston/Bus/Map/UpdateAsyncTask; doInBackground
V/DBox    ( 3557): 17076311 3584 - Lboston/Bus/Map/UpdateAsyncTask; doInBackground
V/DBox    ( 3557): 17088703 3585 + Lboston/Bus/Map/UpdateAsyncTask; doInBackground {42.358333, -71.060277, 20, boston.Bus.Map.BusLocations@43edeff0, false}
V/DBox    ( 3557): 17088721 3585 + Lboston/Bus/Map/UpdateAsyncTask; doInBackground {42.358333, -71.060277, 20, boston.Bus.Map.BusLocations@43edeff0, false}
V/DBox    ( 3557): 17089292 3585 - Lboston/Bus/Map/UpdateAsyncTask; doInBackground
V/DBox    ( 3557): 17089292 3585 - Lboston/Bus/Map/UpdateAsyncTask; doInBackground
V/DBox    ( 3557): 17101704 3572 + Lboston/Bus/Map/UpdateAsyncTask; doInBackground {42.358333, -71.060277, 20, boston.Bus.Map.BusLocations@43edeff0, false}
V/DBox    ( 3557): 17101711 3572 + Lboston/Bus/Map/UpdateAsyncTask; doInBackground {42.358333, -71.060277, 20, boston.Bus.Map.BusLocations@43edeff0, false}
V/DBox    ( 3557): 17102342 3572 - Lboston/Bus/Map/UpdateAsyncTask; doInBackground
V/DBox    ( 3557): 17102343 3572 - Lboston/Bus/Map/UpdateAsyncTask; doInBackground
V/DBox    ( 3557): 17114717 3582 + Lboston/Bus/Map/UpdateAsyncTask; doInBackground {42.358333, -71.060277, 20, boston.Bus.Map.BusLocations@43edeff0, false}
V/DBox    ( 3557): 17114719 3582 + Lboston/Bus/Map/UpdateAsyncTask; doInBackground {42.358333, -71.060277, 20, boston.Bus.Map.BusLocations@43edeff0, false}
V/DBox    ( 3557): 17115317 3582 - Lboston/Bus/Map/UpdateAsyncTask; doInBackground
V/DBox    ( 3557): 17115317 3582 - Lboston/Bus/Map/UpdateAsyncTask; doInBackground
V/DBox    ( 3557): 17127708 3583 + Lboston/Bus/Map/UpdateAsyncTask; doInBackground {42.358333, -71.060277, 20, boston.Bus.Map.BusLocations@43edeff0, false}
V/DBox    ( 3557): 17127724 3583 + Lboston/Bus/Map/UpdateAsyncTask; doInBackground {42.358333, -71.060277, 20, boston.Bus.Map.BusLocations@43edeff0, false}
V/DBox    ( 3557): 17128028 3583 - Lboston/Bus/Map/UpdateAsyncTask; doInBackground
V/DBox    ( 3557): 17128028 3583 - Lboston/Bus/Map/UpdateAsyncTask; doInBackground
V/DBox    ( 3557): 17140716 3584 + Lboston/Bus/Map/UpdateAsyncTask; doInBackground {42.358333, -71.060277, 20, boston.Bus.Map.BusLocations@43edeff0, false}
V/DBox    ( 3557): 17140718 3584 + Lboston/Bus/Map/UpdateAsyncTask; doInBackground {42.358333, -71.060277, 20, boston.Bus.Map.BusLocations@43edeff0, false}
V/DBox    ( 3557): 17141310 3584 - Lboston/Bus/Map/UpdateAsyncTask; doInBackground
V/DBox    ( 3557): 17141311 3584 - Lboston/Bus/Map/UpdateAsyncTask; doInBackground
V/DBox    ( 3557): 17153714 3585 + Lboston/Bus/Map/UpdateAsyncTask; doInBackground {42.358333, -71.060277, 20, boston.Bus.Map.BusLocations@43edeff0, false}
V/DBox    ( 3557): 17153716 3585 + Lboston/Bus/Map/UpdateAsyncTask; doInBackground {42.358333, -71.060277, 20, boston.Bus.Map.BusLocations@43edeff0, false}
V/DBox    ( 3557): 17154450 3585 - Lboston/Bus/Map/UpdateAsyncTask; doInBackground
V/DBox    ( 3557): 17154450 3585 - Lboston/Bus/Map/UpdateAsyncTask; doInBackground
V/DBox    ( 3557): 17166718 3572 + Lboston/Bus/Map/UpdateAsyncTask; doInBackground {42.358333, -71.060277, 20, boston.Bus.Map.BusLocations@43edeff0, false}
V/DBox    ( 3557): 17166719 3572 + Lboston/Bus/Map/UpdateAsyncTask; doInBackground {42.358333, -71.060277, 20, boston.Bus.Map.BusLocations@43edeff0, false}
V/DBox    ( 3557): 17167434 3572 - Lboston/Bus/Map/UpdateAsyncTask; doInBackground
V/DBox    ( 3557): 17167434 3572 - Lboston/Bus/Map/UpdateAsyncTask; doInBackground
V/DBox    ( 3557): 17179720 3582 + Lboston/Bus/Map/UpdateAsyncTask; doInBackground {42.358333, -71.060277, 20, boston.Bus.Map.BusLocations@43edeff0, false}
V/DBox    ( 3557): 17179722 3582 + Lboston/Bus/Map/UpdateAsyncTask; doInBackground {42.358333, -71.060277, 20, boston.Bus.Map.BusLocations@43edeff0, false}
V/DBox    ( 3557): 17180281 3582 - Lboston/Bus/Map/UpdateAsyncTask; doInBackground
V/DBox    ( 3557): 17180281 3582 - Lboston/Bus/Map/UpdateAsyncTask; doInBackground
V/DBox    ( 3557): 17192720 3583 + Lboston/Bus/Map/UpdateAsyncTask; doInBackground {42.358333, -71.060277, 20, boston.Bus.Map.BusLocations@43edeff0, false}
V/DBox    ( 3557): 17192722 3583 + Lboston/Bus/Map/UpdateAsyncTask; doInBackground {42.358333, -71.060277, 20, boston.Bus.Map.BusLocations@43edeff0, false}
V/DBox    ( 3557): 17193298 3583 - Lboston/Bus/Map/UpdateAsyncTask; doInBackground
V/DBox    ( 3557): 17193298 3583 - Lboston/Bus/Map/UpdateAsyncTask; doInBackground
V/DBox    ( 3557): 17205741 3584 + Lboston/Bus/Map/UpdateAsyncTask; doInBackground {42.358333, -71.060277, 20, boston.Bus.Map.BusLocations@43edeff0, false}
V/DBox    ( 3557): 17205744 3584 + Lboston/Bus/Map/UpdateAsyncTask; doInBackground {42.358333, -71.060277, 20, boston.Bus.Map.BusLocations@43edeff0, false}
V/DBox    ( 3557): 17206415 3584 - Lboston/Bus/Map/UpdateAsyncTask; doInBackground
V/DBox    ( 3557): 17206415 3584 - Lboston/Bus/Map/UpdateAsyncTask; doInBackground
V/DBox    ( 3557): 17218751 3585 + Lboston/Bus/Map/UpdateAsyncTask; doInBackground {42.358333, -71.060277, 20, boston.Bus.Map.BusLocations@43edeff0, false}
V/DBox    ( 3557): 17218754 3585 + Lboston/Bus/Map/UpdateAsyncTask; doInBackground {42.358333, -71.060277, 20, boston.Bus.Map.BusLocations@43edeff0, false}
V/DBox    ( 3557): 17219047 3585 - Lboston/Bus/Map/UpdateAsyncTask; doInBackground
V/DBox    ( 3557): 17219048 3585 - Lboston/Bus/Map/UpdateAsyncTask; doInBackground
V/DBox    ( 3557): 17231833 3572 + Lboston/Bus/Map/UpdateAsyncTask; doInBackground {42.358333, -71.060277, 20, boston.Bus.Map.BusLocations@43edeff0, false}
V/DBox    ( 3557): 17231834 3572 + Lboston/Bus/Map/UpdateAsyncTask; doInBackground {42.358333, -71.060277, 20, boston.Bus.Map.BusLocations@43edeff0, false}
V/DBox    ( 3557): 17232395 3572 - Lboston/Bus/Map/UpdateAsyncTask; doInBackground
V/DBox    ( 3557): 17232395 3572 - Lboston/Bus/Map/UpdateAsyncTask; doInBackground
V/DBox    ( 3557): 17244744 3582 + Lboston/Bus/Map/UpdateAsyncTask; doInBackground {42.358333, -71.060277, 20, boston.Bus.Map.BusLocations@43edeff0, false}
V/DBox    ( 3557): 17244745 3582 + Lboston/Bus/Map/UpdateAsyncTask; doInBackground {42.358333, -71.060277, 20, boston.Bus.Map.BusLocations@43edeff0, false}
V/DBox    ( 3557): 17245304 3582 - Lboston/Bus/Map/UpdateAsyncTask; doInBackground
V/DBox    ( 3557): 17245304 3582 - Lboston/Bus/Map/UpdateAsyncTask; doInBackground
V/DBox    ( 3557): 17257742 3583 + Lboston/Bus/Map/UpdateAsyncTask; doInBackground {42.358333, -71.060277, 20, boston.Bus.Map.BusLocations@43edeff0, false}
V/DBox    ( 3557): 17257744 3583 + Lboston/Bus/Map/UpdateAsyncTask; doInBackground {42.358333, -71.060277, 20, boston.Bus.Map.BusLocations@43edeff0, false}
V/DBox    ( 3557): 17258804 3583 - Lboston/Bus/Map/UpdateAsyncTask; doInBackground
V/DBox    ( 3557): 17258804 3583 - Lboston/Bus/Map/UpdateAsyncTask; doInBackground
V/DBox    ( 3557): 17270749 3584 + Lboston/Bus/Map/UpdateAsyncTask; doInBackground {42.358333, -71.060277, 20, boston.Bus.Map.BusLocations@43edeff0, false}
V/DBox    ( 3557): 17270751 3584 + Lboston/Bus/Map/UpdateAsyncTask; doInBackground {42.358333, -71.060277, 20, boston.Bus.Map.BusLocations@43edeff0, false}
V/DBox    ( 3557): 17271447 3584 - Lboston/Bus/Map/UpdateAsyncTask; doInBackground
V/DBox    ( 3557): 17271448 3584 - Lboston/Bus/Map/UpdateAsyncTask; doInBackground
V/DBox    ( 3557): 17283754 3585 + Lboston/Bus/Map/UpdateAsyncTask; doInBackground {42.358333, -71.060277, 20, boston.Bus.Map.BusLocations@43edeff0, false}
V/DBox    ( 3557): 17283756 3585 + Lboston/Bus/Map/UpdateAsyncTask; doInBackground {42.358333, -71.060277, 20, boston.Bus.Map.BusLocations@43edeff0, false}
V/DBox    ( 3557): 17284460 3585 - Lboston/Bus/Map/UpdateAsyncTask; doInBackground
V/DBox    ( 3557): 17284460 3585 - Lboston/Bus/Map/UpdateAsyncTask; doInBackground
V/DBox    ( 3557): 17296748 3572 + Lboston/Bus/Map/UpdateAsyncTask; doInBackground {42.358333, -71.060277, 20, boston.Bus.Map.BusLocations@43edeff0, false}
V/DBox    ( 3557): 17296750 3572 + Lboston/Bus/Map/UpdateAsyncTask; doInBackground {42.358333, -71.060277, 20, boston.Bus.Map.BusLocations@43edeff0, false}
V/DBox    ( 3557): 17297304 3572 - Lboston/Bus/Map/UpdateAsyncTask; doInBackground
V/DBox    ( 3557): 17297304 3572 - Lboston/Bus/Map/UpdateAsyncTask; doInBackground
V/DBox    ( 3557): 17309754 3582 + Lboston/Bus/Map/UpdateAsyncTask; doInBackground {42.358333, -71.060277, 20, boston.Bus.Map.BusLocations@43edeff0, false}
V/DBox    ( 3557): 17309756 3582 + Lboston/Bus/Map/UpdateAsyncTask; doInBackground {42.358333, -71.060277, 20, boston.Bus.Map.BusLocations@43edeff0, false}
V/DBox    ( 3557): 17310311 3582 - Lboston/Bus/Map/UpdateAsyncTask; doInBackground
V/DBox    ( 3557): 17310312 3582 - Lboston/Bus/Map/UpdateAsyncTask; doInBackground
V/DBox    ( 3557): 17322756 3583 + Lboston/Bus/Map/UpdateAsyncTask; doInBackground {42.358333, -71.060277, 20, boston.Bus.Map.BusLocations@43edeff0, false}
V/DBox    ( 3557): 17322758 3583 + Lboston/Bus/Map/UpdateAsyncTask; doInBackground {42.358333, -71.060277, 20, boston.Bus.Map.BusLocations@43edeff0, false}
V/DBox    ( 3557): 17323078 3583 - Lboston/Bus/Map/UpdateAsyncTask; doInBackground
V/DBox    ( 3557): 17323079 3583 - Lboston/Bus/Map/UpdateAsyncTask; doInBackground
V/DBox    ( 3557): 17335772 3584 + Lboston/Bus/Map/UpdateAsyncTask; doInBackground {42.358333, -71.060277, 20, boston.Bus.Map.BusLocations@43edeff0, false}
V/DBox    ( 3557): 17335774 3584 + Lboston/Bus/Map/UpdateAsyncTask; doInBackground {42.358333, -71.060277, 20, boston.Bus.Map.BusLocations@43edeff0, false}
V/DBox    ( 3557): 17336359 3584 - Lboston/Bus/Map/UpdateAsyncTask; doInBackground
V/DBox    ( 3557): 17336359 3584 - Lboston/Bus/Map/UpdateAsyncTask; doInBackground
V/DBox    ( 3557): 17348788 3585 + Lboston/Bus/Map/UpdateAsyncTask; doInBackground {42.358333, -71.060277, 20, boston.Bus.Map.BusLocations@43edeff0, false}
V/DBox    ( 3557): 17348791 3585 + Lboston/Bus/Map/UpdateAsyncTask; doInBackground {42.358333, -71.060277, 20, boston.Bus.Map.BusLocations@43edeff0, false}
V/DBox    ( 3557): 17349513 3585 - Lboston/Bus/Map/UpdateAsyncTask; doInBackground
V/DBox    ( 3557): 17349513 3585 - Lboston/Bus/Map/UpdateAsyncTask; doInBackground
V/DBox    ( 3557): 17361779 3572 + Lboston/Bus/Map/UpdateAsyncTask; doInBackground {42.358333, -71.060277, 20, boston.Bus.Map.BusLocations@43edeff0, false}
V/DBox    ( 3557): 17361781 3572 + Lboston/Bus/Map/UpdateAsyncTask; doInBackground {42.358333, -71.060277, 20, boston.Bus.Map.BusLocations@43edeff0, false}
V/DBox    ( 3557): 17362378 3572 - Lboston/Bus/Map/UpdateAsyncTask; doInBackground
V/DBox    ( 3557): 17362379 3572 - Lboston/Bus/Map/UpdateAsyncTask; doInBackground
V/DBox    ( 3557): 17374800 3582 + Lboston/Bus/Map/UpdateAsyncTask; doInBackground {42.358333, -71.060277, 20, boston.Bus.Map.BusLocations@43edeff0, false}
V/DBox    ( 3557): 17374841 3582 + Lboston/Bus/Map/UpdateAsyncTask; doInBackground {42.358333, -71.060277, 20, boston.Bus.Map.BusLocations@43edeff0, false}
V/DBox    ( 3557): 17375822 3582 - Lboston/Bus/Map/UpdateAsyncTask; doInBackground
V/DBox    ( 3557): 17375823 3582 - Lboston/Bus/Map/UpdateAsyncTask; doInBackground
V/DBox    ( 3557): 17387785 3583 + Lboston/Bus/Map/UpdateAsyncTask; doInBackground {42.358333, -71.060277, 20, boston.Bus.Map.BusLocations@43edeff0, false}
V/DBox    ( 3557): 17387787 3583 + Lboston/Bus/Map/UpdateAsyncTask; doInBackground {42.358333, -71.060277, 20, boston.Bus.Map.BusLocations@43edeff0, false}
V/DBox    ( 3557): 17388374 3583 - Lboston/Bus/Map/UpdateAsyncTask; doInBackground
V/DBox    ( 3557): 17388375 3583 - Lboston/Bus/Map/UpdateAsyncTask; doInBackground
V/DBox    ( 3557): 17400784 3584 + Lboston/Bus/Map/UpdateAsyncTask; doInBackground {42.358333, -71.060277, 20, boston.Bus.Map.BusLocations@43edeff0, false}
V/DBox    ( 3557): 17400786 3584 + Lboston/Bus/Map/UpdateAsyncTask; doInBackground {42.358333, -71.060277, 20, boston.Bus.Map.BusLocations@43edeff0, false}
V/DBox    ( 3557): 17401404 3584 - Lboston/Bus/Map/UpdateAsyncTask; doInBackground
V/DBox    ( 3557): 17401404 3584 - Lboston/Bus/Map/UpdateAsyncTask; doInBackground
V/DBox    ( 3557): 17413787 3585 + Lboston/Bus/Map/UpdateAsyncTask; doInBackground {42.358333, -71.060277, 20, boston.Bus.Map.BusLocations@43edeff0, false}
V/DBox    ( 3557): 17413788 3585 + Lboston/Bus/Map/UpdateAsyncTask; doInBackground {42.358333, -71.060277, 20, boston.Bus.Map.BusLocations@43edeff0, false}
V/DBox    ( 3557): 17414054 3585 - Lboston/Bus/Map/UpdateAsyncTask; doInBackground
V/DBox    ( 3557): 17414054 3585 - Lboston/Bus/Map/UpdateAsyncTask; doInBackground
V/DBox    ( 3557): 17426789 3572 + Lboston/Bus/Map/UpdateAsyncTask; doInBackground {42.358333, -71.060277, 20, boston.Bus.Map.BusLocations@43edeff0, false}
V/DBox    ( 3557): 17426793 3572 + Lboston/Bus/Map/UpdateAsyncTask; doInBackground {42.358333, -71.060277, 20, boston.Bus.Map.BusLocations@43edeff0, false}
V/DBox    ( 3557): 17427339 3572 - Lboston/Bus/Map/UpdateAsyncTask; doInBackground
V/DBox    ( 3557): 17427340 3572 - Lboston/Bus/Map/UpdateAsyncTask; doInBackground
V/DBox    ( 3557): 17439791 3582 + Lboston/Bus/Map/UpdateAsyncTask; doInBackground {42.358333, -71.060277, 20, boston.Bus.Map.BusLocations@43edeff0, false}
V/DBox    ( 3557): 17439795 3582 + Lboston/Bus/Map/UpdateAsyncTask; doInBackground {42.358333, -71.060277, 20, boston.Bus.Map.BusLocations@43edeff0, false}
V/DBox    ( 3557): 17440351 3582 - Lboston/Bus/Map/UpdateAsyncTask; doInBackground
V/DBox    ( 3557): 17440352 3582 - Lboston/Bus/Map/UpdateAsyncTask; doInBackground
V/DBox    ( 3557): 17452794 3583 + Lboston/Bus/Map/UpdateAsyncTask; doInBackground {42.358333, -71.060277, 20, boston.Bus.Map.BusLocations@43edeff0, false}
V/DBox    ( 3557): 17452796 3583 + Lboston/Bus/Map/UpdateAsyncTask; doInBackground {42.358333, -71.060277, 20, boston.Bus.Map.BusLocations@43edeff0, false}
V/DBox    ( 3557): 17453415 3583 - Lboston/Bus/Map/UpdateAsyncTask; doInBackground
V/DBox    ( 3557): 17453416 3583 - Lboston/Bus/Map/UpdateAsyncTask; doInBackground
V/DBox    ( 3557): 17465809 3584 + Lboston/Bus/Map/UpdateAsyncTask; doInBackground {42.358333, -71.060277, 20, boston.Bus.Map.BusLocations@43edeff0, false}
V/DBox    ( 3557): 17465889 3584 + Lboston/Bus/Map/UpdateAsyncTask; doInBackground {42.358333, -71.060277, 20, boston.Bus.Map.BusLocations@43edeff0, false}
V/DBox    ( 3557): 17466478 3584 - Lboston/Bus/Map/UpdateAsyncTask; doInBackground
V/DBox    ( 3557): 17466479 3584 - Lboston/Bus/Map/UpdateAsyncTask; doInBackground
V/DBox    ( 3704): 17472734 + Lcom/fsck/k9/provider/AttachmentProvider; onCreate
V/DBox    ( 3704): 17472738 - Lcom/fsck/k9/provider/AttachmentProvider; onCreate
V/DBox    ( 3704): 17472742 + Lcom/fsck/k9/K9; onCreate
V/DBox    ( 3704): 17472868 - Lcom/fsck/k9/K9; onCreate
V/DBox    ( 3704): 17472875 + Lcom/fsck/k9/activity/Accounts; onCreate
V/DBox    ( 3704): 17472876 + Lcom/fsck/k9/K9ListActivity; onCreate
V/DBox    ( 3704): 17472886 - Lcom/fsck/k9/K9ListActivity; onCreate
V/DBox    ( 3704): 17472966 - Lcom/fsck/k9/activity/Accounts; onCreate
V/DBox    ( 3704): 17472966 + Lcom/fsck/k9/activity/Accounts; onResume
V/DBox    ( 3704): 17472967 + Lcom/fsck/k9/K9ListActivity; onResume
V/DBox    ( 3704): 17472968 - Lcom/fsck/k9/K9ListActivity; onResume
V/DBox    ( 3704): 17472972 - Lcom/fsck/k9/activity/Accounts; onResume
V/DBox    ( 3704): 17474015 + Lcom/fsck/k9/activity/Accounts; onClick android.widget.Button@43f07a98
V/DBox    ( 3704): 17474027 - Lcom/fsck/k9/activity/Accounts; onClick
V/DBox    ( 3704): 17474051 + Lcom/fsck/k9/activity/Accounts; onSaveInstanceState
V/DBox    ( 3704): 17474051 - Lcom/fsck/k9/activity/Accounts; onSaveInstanceState
V/DBox    ( 3704): 17474052 + Lcom/fsck/k9/activity/Accounts; onPause
V/DBox    ( 3704): 17474052 - Lcom/fsck/k9/activity/Accounts; onPause
V/DBox    ( 3704): 17474062 + Lcom/fsck/k9/activity/setup/AccountSetupBasics; onCreate
V/DBox    ( 3704): 17474062 + Lcom/fsck/k9/K9Activity; onCreate
V/DBox    ( 3704): 17474065 - Lcom/fsck/k9/K9Activity; onCreate
V/DBox    ( 3704): 17474099 - Lcom/fsck/k9/activity/setup/AccountSetupBasics; onCreate
V/DBox    ( 3704): 17474102 + Lcom/fsck/k9/activity/setup/AccountSetupBasics; onResume
V/DBox    ( 3704): 17474102 + Lcom/fsck/k9/K9Activity; onResume
V/DBox    ( 3704): 17474104 - Lcom/fsck/k9/K9Activity; onResume
V/DBox    ( 3704): 17474105 - Lcom/fsck/k9/activity/setup/AccountSetupBasics; onResume
V/DBox    ( 3557): 17478832 3585 + Lboston/Bus/Map/UpdateAsyncTask; doInBackground {42.358333, -71.060277, 20, boston.Bus.Map.BusLocations@43edeff0, false}
V/DBox    ( 3557): 17478833 3585 + Lboston/Bus/Map/UpdateAsyncTask; doInBackground {42.358333, -71.060277, 20, boston.Bus.Map.BusLocations@43edeff0, false}
V/DBox    ( 3557): 17479468 3585 - Lboston/Bus/Map/UpdateAsyncTask; doInBackground
V/DBox    ( 3557): 17479469 3585 - Lboston/Bus/Map/UpdateAsyncTask; doInBackground
V/DBox    ( 3557): 17491834 3572 + Lboston/Bus/Map/UpdateAsyncTask; doInBackground {42.358333, -71.060277, 20, boston.Bus.Map.BusLocations@43edeff0, false}
V/DBox    ( 3557): 17491836 3572 + Lboston/Bus/Map/UpdateAsyncTask; doInBackground {42.358333, -71.060277, 20, boston.Bus.Map.BusLocations@43edeff0, false}
V/DBox    ( 3704): 17492075 + Lcom/fsck/k9/activity/setup/AccountSetupBasics; onClick android.widget.Button@43f09598
V/DBox    ( 3704): 17492221 - Lcom/fsck/k9/activity/setup/AccountSetupBasics; onClick
V/DBox    ( 3704): 17492230 + Lcom/fsck/k9/activity/setup/AccountSetupBasics; onSaveInstanceState
V/DBox    ( 3704): 17492242 - Lcom/fsck/k9/activity/setup/AccountSetupBasics; onSaveInstanceState
V/DBox    ( 3704): 17492293 + Lcom/fsck/k9/activity/setup/AccountSetupCheckSettings; onCreate
V/DBox    ( 3704): 17492294 + Lcom/fsck/k9/K9Activity; onCreate
V/DBox    ( 3704): 17492297 - Lcom/fsck/k9/K9Activity; onCreate
V/DBox    ( 3704): 17492381 - Lcom/fsck/k9/activity/setup/AccountSetupCheckSettings; onCreate
V/DBox    ( 3704): 17492381 + Lcom/fsck/k9/K9Activity; onResume
V/DBox    ( 3704): 17492384 - Lcom/fsck/k9/K9Activity; onResume
V/DBox    ( 3557): 17492880 3572 - Lboston/Bus/Map/UpdateAsyncTask; doInBackground
V/DBox    ( 3557): 17492880 3572 - Lboston/Bus/Map/UpdateAsyncTask; doInBackground
V/DBox    ( 3704): Ljava/net/Socket;->connectV
V/DBox    ( 3704): Ljava/net/Socket;->closeV
V/DBox    ( 3704): Ljava/net/Socket;->connectV
V/DBox    ( 3704): Ljava/net/Socket;->connectV
V/DBox    ( 3704): Ljava/net/Socket;->closeV
V/DBox    ( 3704): 17496959 + Lcom/fsck/k9/service/MailService; onCreate
V/DBox    ( 3704): 17496960 - Lcom/fsck/k9/service/MailService; onCreate
V/DBox    ( 3704): 17496991 + Lcom/fsck/k9/activity/setup/AccountSetupNames; onCreate
V/DBox    ( 3704): 17496994 + Lcom/fsck/k9/K9Activity; onCreate
V/DBox    ( 3704): 17497005 - Lcom/fsck/k9/K9Activity; onCreate
V/DBox    ( 3704): 17497080 - Lcom/fsck/k9/activity/setup/AccountSetupNames; onCreate
V/DBox    ( 3704): 17497081 + Lcom/fsck/k9/K9Activity; onResume
V/DBox    ( 3704): 17497083 - Lcom/fsck/k9/K9Activity; onResume
V/DBox    ( 3704): Ljava/net/Socket;->connectV
V/DBox    ( 3704): 17497206 + Lcom/fsck/k9/service/MailService; onDestroy
V/DBox    ( 3704): 17497207 - Lcom/fsck/k9/service/MailService; onDestroy
V/DBox    ( 3704): 17497486 + Lcom/fsck/k9/activity/setup/AccountSetupCheckSettings; onDestroy
V/DBox    ( 3704): 17497487 - Lcom/fsck/k9/activity/setup/AccountSetupCheckSettings; onDestroy
V/DBox    ( 3557): 17504837 3582 + Lboston/Bus/Map/UpdateAsyncTask; doInBackground {42.358333, -71.060277, 20, boston.Bus.Map.BusLocations@43edeff0, false}
V/DBox    ( 3557): 17504844 3582 + Lboston/Bus/Map/UpdateAsyncTask; doInBackground {42.358333, -71.060277, 20, boston.Bus.Map.BusLocations@43edeff0, false}
V/DBox    ( 3557): 17505108 3582 - Lboston/Bus/Map/UpdateAsyncTask; doInBackground
V/DBox    ( 3557): 17505108 3582 - Lboston/Bus/Map/UpdateAsyncTask; doInBackground
V/DBox    ( 3704): 17508180 + Lcom/fsck/k9/activity/setup/AccountSetupNames; onClick android.widget.Button@43f74b00
V/DBox    ( 3704): 17508323 - Lcom/fsck/k9/activity/setup/AccountSetupNames; onClick
V/DBox    ( 3704): 17508356 + Lcom/fsck/k9/activity/FolderList; onCreate
V/DBox    ( 3704): 17508357 + Lcom/fsck/k9/K9ListActivity; onCreate
V/DBox    ( 3704): 17508358 - Lcom/fsck/k9/K9ListActivity; onCreate
V/DBox    ( 3704): 17508378 - Lcom/fsck/k9/activity/FolderList; onCreate
V/DBox    ( 3704): 17508378 + Lcom/fsck/k9/activity/FolderList; onResume
V/DBox    ( 3704): 17508379 + Lcom/fsck/k9/K9ListActivity; onResume
V/DBox    ( 3704): 17508381 - Lcom/fsck/k9/K9ListActivity; onResume
V/DBox    ( 3704): 17508394 - Lcom/fsck/k9/activity/FolderList; onResume
V/DBox    ( 3557): 17517853 3583 + Lboston/Bus/Map/UpdateAsyncTask; doInBackground {42.358333, -71.060277, 20, boston.Bus.Map.BusLocations@43edeff0, false}
V/DBox    ( 3557): 17517861 3583 + Lboston/Bus/Map/UpdateAsyncTask; doInBackground {42.358333, -71.060277, 20, boston.Bus.Map.BusLocations@43edeff0, false}
V/DBox    ( 3557): 17518519 3583 - Lboston/Bus/Map/UpdateAsyncTask; doInBackground
V/DBox    ( 3557): 17518519 3583 - Lboston/Bus/Map/UpdateAsyncTask; doInBackground
V/DBox    ( 3557): 17530841 3584 + Lboston/Bus/Map/UpdateAsyncTask; doInBackground {42.358333, -71.060277, 20, boston.Bus.Map.BusLocations@43edeff0, false}
V/DBox    ( 3557): 17530842 3584 + Lboston/Bus/Map/UpdateAsyncTask; doInBackground {42.358333, -71.060277, 20, boston.Bus.Map.BusLocations@43edeff0, false}
V/DBox    ( 3557): 17531352 3584 - Lboston/Bus/Map/UpdateAsyncTask; doInBackground
V/DBox    ( 3557): 17531353 3584 - Lboston/Bus/Map/UpdateAsyncTask; doInBackground
V/DBox    ( 3704): 17540403 + Lcom/fsck/k9/activity/FolderList; onSaveInstanceState
V/DBox    ( 3704): 17540405 - Lcom/fsck/k9/activity/FolderList; onSaveInstanceState
V/DBox    ( 3704): 17540410 + Lcom/fsck/k9/activity/FolderList; onPause
V/DBox    ( 3704): 17540412 - Lcom/fsck/k9/activity/FolderList; onPause
V/DBox    ( 3704): 17541378 + Lcom/fsck/k9/activity/FolderList; onResume
V/DBox    ( 3704): 17541380 + Lcom/fsck/k9/K9ListActivity; onResume
V/DBox    ( 3704): 17541383 - Lcom/fsck/k9/K9ListActivity; onResume
V/DBox    ( 3704): 17541392 - Lcom/fsck/k9/activity/FolderList; onResume
V/DBox    ( 3704): 17542099 + Lcom/fsck/k9/activity/FolderList; onSaveInstanceState
V/DBox    ( 3704): 17542101 - Lcom/fsck/k9/activity/FolderList; onSaveInstanceState
V/DBox    ( 3704): 17542105 + Lcom/fsck/k9/activity/FolderList; onPause
V/DBox    ( 3704): 17542106 - Lcom/fsck/k9/activity/FolderList; onPause
V/DBox    ( 3557): 17543843 3585 + Lboston/Bus/Map/UpdateAsyncTask; doInBackground {42.358333, -71.060277, 20, boston.Bus.Map.BusLocations@43edeff0, false}
V/DBox    ( 3557): 17543844 3585 + Lboston/Bus/Map/UpdateAsyncTask; doInBackground {42.358333, -71.060277, 20, boston.Bus.Map.BusLocations@43edeff0, false}
V/DBox    ( 3557): 17544939 3585 - Lboston/Bus/Map/UpdateAsyncTask; doInBackground
V/DBox    ( 3557): 17544939 3585 - Lboston/Bus/Map/UpdateAsyncTask; doInBackground
V/DBox    ( 3557): 17556848 3572 + Lboston/Bus/Map/UpdateAsyncTask; doInBackground {42.358333, -71.060277, 20, boston.Bus.Map.BusLocations@43edeff0, false}
V/DBox    ( 3557): 17556850 3572 + Lboston/Bus/Map/UpdateAsyncTask; doInBackground {42.358333, -71.060277, 20, boston.Bus.Map.BusLocations@43edeff0, false}
V/DBox    ( 3557): 17557610 3572 - Lboston/Bus/Map/UpdateAsyncTask; doInBackground
V/DBox    ( 3557): 17557610 3572 - Lboston/Bus/Map/UpdateAsyncTask; doInBackground
V/DBox    ( 3557): 17568050 3557 + Lboston/Bus/Map/Main; onResume
V/DBox    ( 3557): 17568066 3557 - Lboston/Bus/Map/Main; onResume
V/DBox    ( 3557): 17569628 3557 + Lboston/Bus/Map/Main; onOptionsItemSelected Settings
V/DBox    ( 3557): 17569637 3557 - Lboston/Bus/Map/Main; onOptionsItemSelected
V/DBox    ( 3557): 17569675 3557 + Lboston/Bus/Map/Preferences; onCreate
V/DBox    ( 3557): 17569686 3557 - Lboston/Bus/Map/Preferences; onCreate
V/DBox    ( 3557): 17581123 3582 + Lboston/Bus/Map/UpdateAsyncTask; doInBackground {42.358333, -71.060277, 20, boston.Bus.Map.BusLocations@43edeff0, false}
V/DBox    ( 3557): 17581134 3582 + Lboston/Bus/Map/UpdateAsyncTask; doInBackground {42.358333, -71.060277, 20, boston.Bus.Map.BusLocations@43edeff0, false}
V/DBox    ( 3557): 17581793 3582 - Lboston/Bus/Map/UpdateAsyncTask; doInBackground
V/DBox    ( 3557): 17581794 3582 - Lboston/Bus/Map/UpdateAsyncTask; doInBackground
V/DBox    ( 3557): 17588994 3557 + Lboston/Bus/Map/Main; onResume
V/DBox    ( 3557): 17589005 3557 - Lboston/Bus/Map/Main; onResume
V/DBox    ( 3704): 17607414 + Lcom/fsck/k9/activity/FolderList; onResume
V/DBox    ( 3704): 17607416 + Lcom/fsck/k9/K9ListActivity; onResume
V/DBox    ( 3704): 17607421 - Lcom/fsck/k9/K9ListActivity; onResume
V/DBox    ( 3704): 17607432 - Lcom/fsck/k9/activity/FolderList; onResume
V/DBox    ( 3704): 17609181 + Lcom/fsck/k9/activity/FolderList$2; onItemClick android.widget.ListView@44061d30
V/DBox    ( 3704): 17609215 - Lcom/fsck/k9/activity/FolderList$2; onItemClick
V/DBox    ( 3704): 17609215 + Lcom/fsck/k9/activity/FolderList; onSaveInstanceState
V/DBox    ( 3704): 17609216 - Lcom/fsck/k9/activity/FolderList; onSaveInstanceState
V/DBox    ( 3704): 17609217 + Lcom/fsck/k9/activity/FolderList; onPause
V/DBox    ( 3704): 17609217 - Lcom/fsck/k9/activity/FolderList; onPause
V/DBox    ( 3704): 17609228 + Lcom/fsck/k9/activity/MessageList; onCreate
V/DBox    ( 3704): 17609228 + Lcom/fsck/k9/K9Activity; onCreate
V/DBox    ( 3704): 17609231 - Lcom/fsck/k9/K9Activity; onCreate
V/DBox    ( 3704): 17609267 - Lcom/fsck/k9/activity/MessageList; onCreate
V/DBox    ( 3704): 17609268 + Lcom/fsck/k9/activity/MessageList; onResume
V/DBox    ( 3704): 17609268 + Lcom/fsck/k9/K9Activity; onResume
V/DBox    ( 3704): 17609270 - Lcom/fsck/k9/K9Activity; onResume
V/DBox    ( 3704): 17609350 - Lcom/fsck/k9/activity/MessageList; onResume
V/DBox    ( 3704): 17611975 + Lcom/fsck/k9/activity/MessageList$1; onTouch android.widget.ListView@43f49e10
V/DBox    ( 3704): 17611979 - Lcom/fsck/k9/activity/MessageList$1; onTouch
V/DBox    ( 3704): 17611989 + Lcom/fsck/k9/activity/MessageList$1; onTouch android.widget.ListView@43f49e10
V/DBox    ( 3704): 17611993 - Lcom/fsck/k9/activity/MessageList$1; onTouch
V/DBox    ( 3704): 17612038 + Lcom/fsck/k9/activity/MessageList$1; onTouch android.widget.ListView@43f49e10
V/DBox    ( 3704): 17612040 - Lcom/fsck/k9/activity/MessageList$1; onTouch
V/DBox    ( 3704): 17612043 + Lcom/fsck/k9/activity/MessageList$1; onTouch android.widget.ListView@43f49e10
V/DBox    ( 3704): 17612045 - Lcom/fsck/k9/activity/MessageList$1; onTouch
V/DBox    ( 3704): 17612206 + Lcom/fsck/k9/activity/MessageList; onItemClick android.widget.ListView@43f49e10
V/DBox    ( 3704): 17612239 - Lcom/fsck/k9/activity/MessageList; onItemClick
V/DBox    ( 3704): 17612241 + Lcom/fsck/k9/activity/MessageList; onSaveInstanceState
V/DBox    ( 3704): 17612244 - Lcom/fsck/k9/activity/MessageList; onSaveInstanceState
V/DBox    ( 3704): 17612246 + Lcom/fsck/k9/activity/MessageList; onPause
V/DBox    ( 3704): 17612247 - Lcom/fsck/k9/activity/MessageList; onPause
V/DBox    ( 3704): 17612261 + Lcom/fsck/k9/activity/MessageView; onCreate
V/DBox    ( 3704): 17612262 + Lcom/fsck/k9/K9Activity; onCreate
V/DBox    ( 3704): 17612263 - Lcom/fsck/k9/K9Activity; onCreate
V/DBox    ( 3704): 17612510 - Lcom/fsck/k9/activity/MessageView; onCreate
V/DBox    ( 3704): 17612510 + Lcom/fsck/k9/activity/MessageView; onResume
V/DBox    ( 3704): 17612511 + Lcom/fsck/k9/K9Activity; onResume
V/DBox    ( 3704): 17612530 - Lcom/fsck/k9/K9Activity; onResume
V/DBox    ( 3704): 17612530 - Lcom/fsck/k9/activity/MessageView; onResume
V/DBox    ( 3704): 17613851 + Lcom/fsck/k9/activity/MessageList; onResume
V/DBox    ( 3704): 17613851 + Lcom/fsck/k9/K9Activity; onResume
V/DBox    ( 3704): 17613857 - Lcom/fsck/k9/K9Activity; onResume
V/DBox    ( 3704): 17613975 - Lcom/fsck/k9/activity/MessageList; onResume
V/DBox    ( 3704): 17616528 + Lcom/fsck/k9/activity/MessageList; onCreateOptionsMenu com.android.internal.view.menu.MenuBuilder@43ff05f8
V/DBox    ( 3704): 17616599 - Lcom/fsck/k9/activity/MessageList; onCreateOptionsMenu
V/DBox    ( 3704): 17622622 + Lcom/fsck/k9/activity/MessageList; onOptionsItemSelected Accounts
V/DBox    ( 3704): 17622632 - Lcom/fsck/k9/activity/MessageList; onOptionsItemSelected
V/DBox    ( 3704): 17622633 + Lcom/fsck/k9/activity/MessageList; onPause
V/DBox    ( 3704): 17622634 - Lcom/fsck/k9/activity/MessageList; onPause
V/DBox    ( 3704): 17622655 + Lcom/fsck/k9/activity/Accounts; onCreate
V/DBox    ( 3704): 17622655 + Lcom/fsck/k9/K9ListActivity; onCreate
V/DBox    ( 3704): 17622657 - Lcom/fsck/k9/K9ListActivity; onCreate
V/DBox    ( 3704): 17622681 - Lcom/fsck/k9/activity/Accounts; onCreate
V/DBox    ( 3704): 17622682 + Lcom/fsck/k9/activity/Accounts; onResume
V/DBox    ( 3704): 17622682 + Lcom/fsck/k9/K9ListActivity; onResume
V/DBox    ( 3704): 17622684 - Lcom/fsck/k9/K9ListActivity; onResume
V/DBox    ( 3704): 17622694 - Lcom/fsck/k9/activity/Accounts; onResume
V/DBox    ( 3704): 17624606 + Lcom/fsck/k9/activity/Accounts; onItemClick android.widget.ListView@44038750
V/DBox    ( 3704): 17624615 - Lcom/fsck/k9/activity/Accounts; onItemClick
V/DBox    ( 3704): 17624616 + Lcom/fsck/k9/activity/Accounts; onSaveInstanceState
V/DBox    ( 3704): 17624617 - Lcom/fsck/k9/activity/Accounts; onSaveInstanceState
V/DBox    ( 3704): 17624617 + Lcom/fsck/k9/activity/Accounts; onPause
V/DBox    ( 3704): 17624618 - Lcom/fsck/k9/activity/Accounts; onPause
V/DBox    ( 3704): 17624628 + Lcom/fsck/k9/activity/MessageList; onCreate
V/DBox    ( 3704): 17624629 + Lcom/fsck/k9/K9Activity; onCreate
V/DBox    ( 3704): 17624632 - Lcom/fsck/k9/K9Activity; onCreate
V/DBox    ( 3704): 17624660 - Lcom/fsck/k9/activity/MessageList; onCreate
V/DBox    ( 3704): 17624661 + Lcom/fsck/k9/activity/MessageList; onResume
V/DBox    ( 3704): 17624661 + Lcom/fsck/k9/K9Activity; onResume
V/DBox    ( 3704): 17624664 - Lcom/fsck/k9/K9Activity; onResume
V/DBox    ( 3704): 17624783 - Lcom/fsck/k9/activity/MessageList; onResume
V/DBox    ( 3704): 17627764 + Lcom/fsck/k9/activity/MessageList; onCreateOptionsMenu com.android.internal.view.menu.MenuBuilder@440950f8
V/DBox    ( 3704): 17627804 - Lcom/fsck/k9/activity/MessageList; onCreateOptionsMenu
V/DBox    ( 3704): 17629063 + Lcom/fsck/k9/activity/MessageList; onOptionsItemSelected Check mail
V/DBox    ( 3704): 17629071 - Lcom/fsck/k9/activity/MessageList; onOptionsItemSelected
V/DBox    ( 3704): 17638214 + Lcom/fsck/k9/activity/MessageList$1; onTouch android.widget.ListView@440a9130
V/DBox    ( 3704): 17638215 - Lcom/fsck/k9/activity/MessageList$1; onTouch
V/DBox    ( 3704): 17638230 + Lcom/fsck/k9/activity/MessageList$1; onTouch android.widget.ListView@440a9130
V/DBox    ( 3704): 17638231 - Lcom/fsck/k9/activity/MessageList$1; onTouch
V/DBox    ( 3704): 17638258 + Lcom/fsck/k9/activity/MessageList$1; onTouch android.widget.ListView@440a9130
V/DBox    ( 3704): 17638261 - Lcom/fsck/k9/activity/MessageList$1; onTouch
V/DBox    ( 3704): 17638286 + Lcom/fsck/k9/activity/MessageList$1; onTouch android.widget.ListView@440a9130
V/DBox    ( 3704): 17638287 - Lcom/fsck/k9/activity/MessageList$1; onTouch
V/DBox    ( 3704): 17638315 + Lcom/fsck/k9/activity/MessageList$1; onTouch android.widget.ListView@440a9130
V/DBox    ( 3704): 17638316 - Lcom/fsck/k9/activity/MessageList$1; onTouch
V/DBox    ( 3704): 17638345 + Lcom/fsck/k9/activity/MessageList$1; onTouch android.widget.ListView@440a9130
V/DBox    ( 3704): 17638346 - Lcom/fsck/k9/activity/MessageList$1; onTouch
V/DBox    ( 3704): 17638453 + Lcom/fsck/k9/activity/MessageList$1; onTouch android.widget.ListView@440a9130
V/DBox    ( 3704): 17638454 - Lcom/fsck/k9/activity/MessageList$1; onTouch
V/DBox    ( 3704): 17638471 + Lcom/fsck/k9/activity/MessageList$1; onTouch android.widget.ListView@440a9130
V/DBox    ( 3704): 17638471 - Lcom/fsck/k9/activity/MessageList$1; onTouch
V/DBox    ( 3704): 17638487 + Lcom/fsck/k9/activity/MessageList$1; onTouch android.widget.ListView@440a9130
V/DBox    ( 3704): 17638488 - Lcom/fsck/k9/activity/MessageList$1; onTouch
V/DBox    ( 3704): 17638534 + Lcom/fsck/k9/activity/MessageList$1; onTouch android.widget.ListView@440a9130
V/DBox    ( 3704): 17638534 - Lcom/fsck/k9/activity/MessageList$1; onTouch
V/DBox    ( 3704): 17638561 + Lcom/fsck/k9/activity/MessageList$1; onTouch android.widget.ListView@440a9130
V/DBox    ( 3704): 17638562 - Lcom/fsck/k9/activity/MessageList$1; onTouch
V/DBox    ( 3704): 17638586 + Lcom/fsck/k9/activity/MessageList$1; onTouch android.widget.ListView@440a9130
V/DBox    ( 3704): 17638587 - Lcom/fsck/k9/activity/MessageList$1; onTouch
V/DBox    ( 3704): 17638610 + Lcom/fsck/k9/activity/MessageList$1; onTouch android.widget.ListView@440a9130
V/DBox    ( 3704): 17638614 - Lcom/fsck/k9/activity/MessageList$1; onTouch
V/DBox    ( 3704): 17638632 + Lcom/fsck/k9/activity/MessageList$1; onTouch android.widget.ListView@440a9130
V/DBox    ( 3704): 17638633 - Lcom/fsck/k9/activity/MessageList$1; onTouch
V/DBox    ( 3704): 17638662 + Lcom/fsck/k9/activity/MessageList$1; onTouch android.widget.ListView@440a9130
V/DBox    ( 3704): 17638663 - Lcom/fsck/k9/activity/MessageList$1; onTouch
V/DBox    ( 3704): 17638682 + Lcom/fsck/k9/activity/MessageList$1; onTouch android.widget.ListView@440a9130
V/DBox    ( 3704): 17638682 - Lcom/fsck/k9/activity/MessageList$1; onTouch
V/DBox    ( 3704): 17638709 + Lcom/fsck/k9/activity/MessageList$1; onTouch android.widget.ListView@440a9130
V/DBox    ( 3704): 17638710 - Lcom/fsck/k9/activity/MessageList$1; onTouch
V/DBox    ( 3704): 17638737 + Lcom/fsck/k9/activity/MessageList$1; onTouch android.widget.ListView@440a9130
V/DBox    ( 3704): 17638738 - Lcom/fsck/k9/activity/MessageList$1; onTouch
V/DBox    ( 3704): 17638766 + Lcom/fsck/k9/activity/MessageList$1; onTouch android.widget.ListView@440a9130
V/DBox    ( 3704): 17638767 - Lcom/fsck/k9/activity/MessageList$1; onTouch
V/DBox    ( 3704): 17638796 + Lcom/fsck/k9/activity/MessageList$1; onTouch android.widget.ListView@440a9130
V/DBox    ( 3704): 17638796 - Lcom/fsck/k9/activity/MessageList$1; onTouch
V/DBox    ( 3704): 17638823 + Lcom/fsck/k9/activity/MessageList$1; onTouch android.widget.ListView@440a9130
V/DBox    ( 3704): 17638825 - Lcom/fsck/k9/activity/MessageList$1; onTouch
V/DBox    ( 3704): 17638853 + Lcom/fsck/k9/activity/MessageList$1; onTouch android.widget.ListView@440a9130
V/DBox    ( 3704): 17638854 - Lcom/fsck/k9/activity/MessageList$1; onTouch
V/DBox    ( 3704): 17638878 + Lcom/fsck/k9/activity/MessageList$1; onTouch android.widget.ListView@440a9130
V/DBox    ( 3704): 17638879 - Lcom/fsck/k9/activity/MessageList$1; onTouch
V/DBox    ( 3704): 17638905 + Lcom/fsck/k9/activity/MessageList$1; onTouch android.widget.ListView@440a9130
V/DBox    ( 3704): 17638906 - Lcom/fsck/k9/activity/MessageList$1; onTouch
V/DBox    ( 3704): 17638934 + Lcom/fsck/k9/activity/MessageList$1; onTouch android.widget.ListView@440a9130
V/DBox    ( 3704): 17638935 - Lcom/fsck/k9/activity/MessageList$1; onTouch
V/DBox    ( 3704): 17638962 + Lcom/fsck/k9/activity/MessageList$1; onTouch android.widget.ListView@440a9130
V/DBox    ( 3704): 17638963 - Lcom/fsck/k9/activity/MessageList$1; onTouch
V/DBox    ( 3704): 17638991 + Lcom/fsck/k9/activity/MessageList$1; onTouch android.widget.ListView@440a9130
V/DBox    ( 3704): 17638992 - Lcom/fsck/k9/activity/MessageList$1; onTouch
V/DBox    ( 3704): 17639036 + Lcom/fsck/k9/activity/MessageList$1; onTouch android.widget.ListView@440a9130
V/DBox    ( 3704): 17639045 - Lcom/fsck/k9/activity/MessageList$1; onTouch
V/DBox    ( 3704): 17639064 + Lcom/fsck/k9/activity/MessageList$1; onTouch android.widget.ListView@440a9130
V/DBox    ( 3704): 17639065 - Lcom/fsck/k9/activity/MessageList$1; onTouch
V/DBox    ( 3704): 17639086 + Lcom/fsck/k9/activity/MessageList$1; onTouch android.widget.ListView@440a9130
V/DBox    ( 3704): 17639087 - Lcom/fsck/k9/activity/MessageList$1; onTouch
V/DBox    ( 3704): 17639111 + Lcom/fsck/k9/activity/MessageList$1; onTouch android.widget.ListView@440a9130
V/DBox    ( 3704): 17639111 - Lcom/fsck/k9/activity/MessageList$1; onTouch
V/DBox    ( 3704): 17639137 + Lcom/fsck/k9/activity/MessageList$1; onTouch android.widget.ListView@440a9130
V/DBox    ( 3704): 17639138 - Lcom/fsck/k9/activity/MessageList$1; onTouch
V/DBox    ( 3704): 17639165 + Lcom/fsck/k9/activity/MessageList$1; onTouch android.widget.ListView@440a9130
V/DBox    ( 3704): 17639166 - Lcom/fsck/k9/activity/MessageList$1; onTouch
V/DBox    ( 3704): 17639193 + Lcom/fsck/k9/activity/MessageList$1; onTouch android.widget.ListView@440a9130
V/DBox    ( 3704): 17639194 - Lcom/fsck/k9/activity/MessageList$1; onTouch
V/DBox    ( 3704): 17639221 + Lcom/fsck/k9/activity/MessageList$1; onTouch android.widget.ListView@440a9130
V/DBox    ( 3704): 17639221 - Lcom/fsck/k9/activity/MessageList$1; onTouch
V/DBox    ( 3704): 17639249 + Lcom/fsck/k9/activity/MessageList$1; onTouch android.widget.ListView@440a9130
V/DBox    ( 3704): 17639249 - Lcom/fsck/k9/activity/MessageList$1; onTouch
V/DBox    ( 3704): 17639278 + Lcom/fsck/k9/activity/MessageList$1; onTouch android.widget.ListView@440a9130
V/DBox    ( 3704): 17639279 - Lcom/fsck/k9/activity/MessageList$1; onTouch
V/DBox    ( 3704): 17639318 + Lcom/fsck/k9/activity/MessageList$1; onTouch android.widget.ListView@440a9130
V/DBox    ( 3704): 17639319 - Lcom/fsck/k9/activity/MessageList$1; onTouch
V/DBox    ( 3704): 17639334 + Lcom/fsck/k9/activity/MessageList$1; onTouch android.widget.ListView@440a9130
V/DBox    ( 3704): 17639334 - Lcom/fsck/k9/activity/MessageList$1; onTouch
V/DBox    ( 3704): 17639362 + Lcom/fsck/k9/activity/MessageList$1; onTouch android.widget.ListView@440a9130
V/DBox    ( 3704): 17639363 - Lcom/fsck/k9/activity/MessageList$1; onTouch
V/DBox    ( 3704): 17639389 + Lcom/fsck/k9/activity/MessageList$1; onTouch android.widget.ListView@440a9130
V/DBox    ( 3704): 17639390 - Lcom/fsck/k9/activity/MessageList$1; onTouch
V/DBox    ( 3704): 17639417 + Lcom/fsck/k9/activity/MessageList$1; onTouch android.widget.ListView@440a9130
V/DBox    ( 3704): 17639418 - Lcom/fsck/k9/activity/MessageList$1; onTouch
V/DBox    ( 3704): 17639423 + Lcom/fsck/k9/activity/MessageList$1; onTouch android.widget.ListView@440a9130
V/DBox    ( 3704): 17639426 - Lcom/fsck/k9/activity/MessageList$1; onTouch
V/DBox    ( 3704): 17641441 + Lcom/fsck/k9/activity/MessageList$1; onTouch android.widget.ListView@440a9130
V/DBox    ( 3704): 17641442 - Lcom/fsck/k9/activity/MessageList$1; onTouch
V/DBox    ( 3704): 17641459 + Lcom/fsck/k9/activity/MessageList$1; onTouch android.widget.ListView@440a9130
V/DBox    ( 3704): 17641460 - Lcom/fsck/k9/activity/MessageList$1; onTouch
V/DBox    ( 3704): 17641490 + Lcom/fsck/k9/activity/MessageList$1; onTouch android.widget.ListView@440a9130
V/DBox    ( 3704): 17641491 - Lcom/fsck/k9/activity/MessageList$1; onTouch
V/DBox    ( 3704): 17641536 + Lcom/fsck/k9/activity/MessageList$1; onTouch android.widget.ListView@440a9130
V/DBox    ( 3704): 17641539 - Lcom/fsck/k9/activity/MessageList$1; onTouch
V/DBox    ( 3704): 17641566 + Lcom/fsck/k9/activity/MessageList$1; onTouch android.widget.ListView@440a9130
V/DBox    ( 3704): 17641576 - Lcom/fsck/k9/activity/MessageList$1; onTouch
V/DBox    ( 3704): 17641602 + Lcom/fsck/k9/activity/MessageList$1; onTouch android.widget.ListView@440a9130
V/DBox    ( 3704): 17641602 - Lcom/fsck/k9/activity/MessageList$1; onTouch
V/DBox    ( 3704): 17641605 + Lcom/fsck/k9/activity/MessageList$1; onTouch android.widget.ListView@440a9130
V/DBox    ( 3704): 17641606 - Lcom/fsck/k9/activity/MessageList$1; onTouch
V/DBox    ( 3704): 17641633 + Lcom/fsck/k9/activity/MessageList$1; onTouch android.widget.ListView@440a9130
V/DBox    ( 3704): 17641635 - Lcom/fsck/k9/activity/MessageList$1; onTouch
V/DBox    ( 3704): 17641660 + Lcom/fsck/k9/activity/MessageList$1; onTouch android.widget.ListView@440a9130
V/DBox    ( 3704): 17641661 - Lcom/fsck/k9/activity/MessageList$1; onTouch
V/DBox    ( 3704): 17641688 + Lcom/fsck/k9/activity/MessageList$1; onTouch android.widget.ListView@440a9130
V/DBox    ( 3704): 17641689 - Lcom/fsck/k9/activity/MessageList$1; onTouch
V/DBox    ( 3704): 17641717 + Lcom/fsck/k9/activity/MessageList$1; onTouch android.widget.ListView@440a9130
V/DBox    ( 3704): 17641718 - Lcom/fsck/k9/activity/MessageList$1; onTouch
V/DBox    ( 3704): 17641745 + Lcom/fsck/k9/activity/MessageList$1; onTouch android.widget.ListView@440a9130
V/DBox    ( 3704): 17641746 - Lcom/fsck/k9/activity/MessageList$1; onTouch
V/DBox    ( 3704): 17641747 + Lcom/fsck/k9/activity/MessageList$1; onTouch android.widget.ListView@440a9130
V/DBox    ( 3704): 17641748 - Lcom/fsck/k9/activity/MessageList$1; onTouch
V/DBox    ( 3704): 17642779 + Lcom/fsck/k9/activity/MessageList$1; onTouch android.widget.ListView@440a9130
V/DBox    ( 3704): 17642780 - Lcom/fsck/k9/activity/MessageList$1; onTouch
V/DBox    ( 3704): 17642797 + Lcom/fsck/k9/activity/MessageList$1; onTouch android.widget.ListView@440a9130
V/DBox    ( 3704): 17642799 - Lcom/fsck/k9/activity/MessageList$1; onTouch
V/DBox    ( 3704): 17642828 + Lcom/fsck/k9/activity/MessageList$1; onTouch android.widget.ListView@440a9130
V/DBox    ( 3704): 17642830 - Lcom/fsck/k9/activity/MessageList$1; onTouch
V/DBox    ( 3704): 17642852 + Lcom/fsck/k9/activity/MessageList$1; onTouch android.widget.ListView@440a9130
V/DBox    ( 3704): 17642854 - Lcom/fsck/k9/activity/MessageList$1; onTouch
